../Core/Src/main.cpp:85:6:void getRawData_noDelay(uint16_t*, uint16_t*, uint16_t*, uint16_t*)	24	static
../Core/Src/main.cpp:93:6:long int map(long int, long int, long int, long int, long int)	24	static
../Core/Src/main.cpp:114:6:void HAL_GPIO_EXTI_Callback(uint16_t)	16	static
../Core/Src/main.cpp:127:5:int main()	88	static
../Core/Src/main.cpp:217:6:void SystemClock_Config()	88	static
../Core/Src/main.cpp:263:13:void MX_ETH_Init()	8	static
../Core/Src/main.cpp:312:13:void MX_I2C1_Init()	8	static
../Core/Src/main.cpp:360:13:void MX_TIM3_Init()	64	static
../Core/Src/main.cpp:422:13:void MX_TIM6_Init()	16	static
../Core/Src/main.cpp:460:13:void MX_USART3_UART_Init()	8	static
../Core/Src/main.cpp:493:13:void MX_USB_OTG_FS_PCD_Init()	8	static
../Core/Src/main.cpp:528:13:void MX_GPIO_Init()	56	static
../Core/Src/main.cpp:585:6:void Error_Handler()	4	static,ignoring_inline_asm
../Core/Src/main.cpp:594:1:void __static_initialization_and_destruction_0(int, int)	16	static
../Core/Src/main.cpp:594:1:cpp)	8	static
